------------------------------------------------------------
Timing Analyzer Summary
------------------------------------------------------------

Type  : Slow 1100mV 85C Model Setup 'clk50MHz'
Slack : 16.056
TNS   : 0.000

Type  : Slow 1100mV 85C Model Hold 'clk50MHz'
Slack : 0.377
TNS   : 0.000

Type  : Slow 1100mV 85C Model Minimum Pulse Width 'clk50MHz'
Slack : 8.885
TNS   : 0.000

Type  : Slow 1100mV 0C Model Setup 'clk50MHz'
Slack : 15.823
TNS   : 0.000

Type  : Slow 1100mV 0C Model Hold 'clk50MHz'
Slack : 0.376
TNS   : 0.000

Type  : Slow 1100mV 0C Model Minimum Pulse Width 'clk50MHz'
Slack : 8.877
TNS   : 0.000

Type  : Fast 1100mV 85C Model Setup 'clk50MHz'
Slack : 17.656
TNS   : 0.000

Type  : Fast 1100mV 85C Model Hold 'clk50MHz'
Slack : 0.200
TNS   : 0.000

Type  : Fast 1100mV 85C Model Minimum Pulse Width 'clk50MHz'
Slack : 8.813
TNS   : 0.000

Type  : Fast 1100mV 0C Model Setup 'clk50MHz'
Slack : 17.693
TNS   : 0.000

Type  : Fast 1100mV 0C Model Hold 'clk50MHz'
Slack : 0.191
TNS   : 0.000

Type  : Fast 1100mV 0C Model Minimum Pulse Width 'clk50MHz'
Slack : 8.785
TNS   : 0.000

------------------------------------------------------------
